
> backend@1.0.0 test
> cross-env NODE_OPTIONS=--experimental-vm-modules jest --runInBand src/__tests__/sanity.test.ts

node.exe : 
ts-jest[config] 
(WARN) 
At line:1 char:1
+ & "C:\Program Files\
nodejs/node.exe" "C:\U
sers\prett\AppData\Roa
ming\ ...
+ ~~~~~~~~~~~~~~~~~~~~
~~~~~~~~~~~~~~~~~~~~~~
~~~~~~~~~~~~~~~~~~~~~~
~~~~~
    + CategoryInfo    
          : NotSpeci  
  fied: (ts-jest[co   
 nfig] (WARN) :Str    
ing) [], RemoteEx    
ception
    + FullyQualifiedE 
   rrorId : NativeCo  
  mmandError
 
    The "ts-jest" 
config option 
"isolatedModules" is 
deprecated and will 
be removed in 
v30.0.0. Please use 
"isolatedModules: 
true" in C:/Users/pret
t/OneDrive/Desktop/cou
rses-with-lessons-main
/backend/tsconfig.json
 instead, see https://
www.typescriptlang.org
/tsconfig/#isolatedMod
ules
  
FAIL src/__tests__/san
ity.test.ts
  ΓùÅ Test suite 
failed to run

    ReferenceError: 
jest is not defined

    [0m [90m  6 
|[39m process[33m.[
39menv[33m.[39m[33m
JWT_SECRET[39m 
[33m=[39m [32m'test
-jwt-secret-key-for-te
sting-only'[39m[33m;
[39m
     [90m  7 |[39m 
[90m// Mock Redis 
client[39m
    [31m[1m>[22m[3
9m[90m  8 |[39m jest
[33m.[39mmock([32m'
../config/redis.js'[3
9m[33m,[39m () 
[33m=>[39m ({
     [90m    |[39m 
[31m[1m^[22m[39m
     [90m  9 |[39m  
   redisClient[33m:[
39m {
     [90m 10 |[39m  
       
connect[33m:[39m jes
t[33m.[39mfn()[33m.
[39mmockResolvedValue
([36mtrue[39m)[33m,
[39m
     [90m 11 |[39m  
       on[33m:[39m j
est[33m.[39mfn()[33
m,[39m[0m

      at 
src/test/setup.ts:8:1

Test Suites: 1 
failed, 1 total
Tests:       0 total
Snapshots:   0 total
Time:        2.192 s
Ran all test suites 
matching src/__tests__
/sanity.test.ts.
(node:43088) 
ExperimentalWarning: 
VM Modules is an 
experimental feature 
and might change at 
any time
(Use `node 
--trace-warnings ...` 
to show where the 
warning was created)
npm error Lifecycle 
script `test` failed 
with error:
npm error code 1
npm error path C:\User
s\prett\OneDrive\Deskt
op\courses-with-lesson
s-main\backend
npm error workspace 
backend@1.0.0
npm error location C:\
Users\prett\OneDrive\D
esktop\courses-with-le
ssons-main\backend
npm error command 
failed
npm error command C:\W
indows\system32\cmd.ex
e /d /s /c cross-env N
ODE_OPTIONS=--experime
ntal-vm-modules jest 
--runInBand src/__test
s__/sanity.test.ts
